  Determining projects to restore...
  Restored /Users/runner/work/MusicPlayer/MusicPlayer/spikes/IosProbe/IosProbe.csproj (in 1.05 sec).
  Detected signing identity:
    Code Signing Key: "" (-)
    Provisioning Profile: "" () - no entitlements
    Bundle Id: com.xszoz.iosprobe
    App Id: com.xszoz.iosprobe
Resources/Raw/sample-24bit96k.flac : warning MT7158: The BundleResource item 'Resources/Raw/sample-24bit96k.flac' has been included more than once, with different 'LogicalName' metadata: sample-24bit96k.flac, Raw/sample-24bit96k.flac. [/Users/runner/work/MusicPlayer/MusicPlayer/spikes/IosProbe/IosProbe.csproj]
/Users/runner/work/MusicPlayer/MusicPlayer/spikes/IosProbe/AppDelegate.cs(11,26): warning CS8765: Nullability of type of parameter 'launchOptions' doesn't match overridden member (possibly because of nullability attributes). [/Users/runner/work/MusicPlayer/MusicPlayer/spikes/IosProbe/IosProbe.csproj]
/Users/runner/work/MusicPlayer/MusicPlayer/spikes/IosProbe/AppDelegate.cs(13,18): warning CA1422: This call site is reachable on: 'iOS' 15.0 and later, 'maccatalyst' 15.0 and later. 'UIWindow' is obsoleted on: 'ios' 26.0 and later (Use the 'UIWindowScene' overload instead.), 'maccatalyst' 26.0 and later (Use the 'UIWindowScene' overload instead.). (https://learn.microsoft.com/dotnet/fundamentals/code-analysis/quality-rules/ca1422) [/Users/runner/work/MusicPlayer/MusicPlayer/spikes/IosProbe/IosProbe.csproj]
  IosProbe -> /Users/runner/work/MusicPlayer/MusicPlayer/spikes/IosProbe/bin/Debug/net10.0-ios/iossimulator-arm64/IosProbe.dll
  Optimizing assemblies for size. This process might take a while.
/Users/runner/.nuget/packages/taglibsharp/2.3.0/lib/netstandard2.0/TagLibSharp.dll : warning IL2104: Assembly 'TagLibSharp' produced trim warnings. For more information see https://aka.ms/il2104 [/Users/runner/work/MusicPlayer/MusicPlayer/spikes/IosProbe/IosProbe.csproj]
  Finished external tool execution #4 in 00:00:07.0096302 and with exit code 72.
  Finished external tool execution #5 in 00:00:06.8956485 and with exit code 72.
  xcrun: error: sh -c '/Applications/Xcode_26.6.0.app/Contents/Developer/usr/bin/xcodebuild -sdk /Applications/Xcode_26.6.0.app/Contents/Developer/Platforms/MacOSX.platform/Developer/SDKs/MacOSX.sdk -find install_name_tool 2> /dev/null' failed with exit code 16384: (null) (errno=Invalid argument)
  xcrun: error: unable to find utility "install_name_tool", not a developer tool or in PATH
  
  xcrun: error: sh -c '/Applications/Xcode_26.6.0.app/Contents/Developer/usr/bin/xcodebuild -sdk /Applications/Xcode_26.6.0.app/Contents/Developer/Platforms/MacOSX.platform/Developer/SDKs/MacOSX.sdk -find install_name_tool 2> /dev/null' failed with exit code 16384: (null) (errno=Invalid argument)
  xcrun: error: unable to find utility "install_name_tool", not a developer tool or in PATH
  
/Users/runner/.dotnet/packs/Microsoft.iOS.Sdk.net10.0_26.5/26.5.10318/targets/Xamarin.Shared.Sdk.targets(2040,3): error : install_name_tool exited with code 72: [/Users/runner/work/MusicPlayer/MusicPlayer/spikes/IosProbe/IosProbe.csproj]
/Users/runner/.dotnet/packs/Microsoft.iOS.Sdk.net10.0_26.5/26.5.10318/targets/Xamarin.Shared.Sdk.targets(2040,3): error : xcrun: error: sh -c '/Applications/Xcode_26.6.0.app/Contents/Developer/usr/bin/xcodebuild -sdk /Applications/Xcode_26.6.0.app/Contents/Developer/Platforms/MacOSX.platform/Developer/SDKs/MacOSX.sdk -find install_name_tool 2> /dev/null' failed with exit code 16384: (null) (errno=Invalid argument) [/Users/runner/work/MusicPlayer/MusicPlayer/spikes/IosProbe/IosProbe.csproj]
/Users/runner/.dotnet/packs/Microsoft.iOS.Sdk.net10.0_26.5/26.5.10318/targets/Xamarin.Shared.Sdk.targets(2040,3): error : xcrun: error: unable to find utility "install_name_tool", not a developer tool or in PATH [/Users/runner/work/MusicPlayer/MusicPlayer/spikes/IosProbe/IosProbe.csproj]
/Users/runner/.dotnet/packs/Microsoft.iOS.Sdk.net10.0_26.5/26.5.10318/targets/Xamarin.Shared.Sdk.targets(2040,3): error : install_name_tool exited with code 72: [/Users/runner/work/MusicPlayer/MusicPlayer/spikes/IosProbe/IosProbe.csproj]
/Users/runner/.dotnet/packs/Microsoft.iOS.Sdk.net10.0_26.5/26.5.10318/targets/Xamarin.Shared.Sdk.targets(2040,3): error : xcrun: error: sh -c '/Applications/Xcode_26.6.0.app/Contents/Developer/usr/bin/xcodebuild -sdk /Applications/Xcode_26.6.0.app/Contents/Developer/Platforms/MacOSX.platform/Developer/SDKs/MacOSX.sdk -find install_name_tool 2> /dev/null' failed with exit code 16384: (null) (errno=Invalid argument) [/Users/runner/work/MusicPlayer/MusicPlayer/spikes/IosProbe/IosProbe.csproj]
/Users/runner/.dotnet/packs/Microsoft.iOS.Sdk.net10.0_26.5/26.5.10318/targets/Xamarin.Shared.Sdk.targets(2040,3): error : xcrun: error: unable to find utility "install_name_tool", not a developer tool or in PATH [/Users/runner/work/MusicPlayer/MusicPlayer/spikes/IosProbe/IosProbe.csproj]
  Finished external tool execution #1 in 00:00:07.8415864 and with exit code 72.
  xcrun: error: sh -c '/Applications/Xcode_26.6.0.app/Contents/Developer/usr/bin/xcodebuild -sdk /Applications/Xcode_26.6.0.app/Contents/Developer/Platforms/MacOSX.platform/Developer/SDKs/MacOSX.sdk -find install_name_tool 2> /dev/null' failed with exit code 16384: (null) (errno=Invalid argument)
  xcrun: error: unable to find utility "install_name_tool", not a developer tool or in PATH
  
/Users/runner/.dotnet/packs/Microsoft.iOS.Sdk.net10.0_26.5/26.5.10318/targets/Xamarin.Shared.Sdk.targets(2040,3): error : install_name_tool exited with code 72: [/Users/runner/work/MusicPlayer/MusicPlayer/spikes/IosProbe/IosProbe.csproj]
/Users/runner/.dotnet/packs/Microsoft.iOS.Sdk.net10.0_26.5/26.5.10318/targets/Xamarin.Shared.Sdk.targets(2040,3): error : xcrun: error: sh -c '/Applications/Xcode_26.6.0.app/Contents/Developer/usr/bin/xcodebuild -sdk /Applications/Xcode_26.6.0.app/Contents/Developer/Platforms/MacOSX.platform/Developer/SDKs/MacOSX.sdk -find install_name_tool 2> /dev/null' failed with exit code 16384: (null) (errno=Invalid argument) [/Users/runner/work/MusicPlayer/MusicPlayer/spikes/IosProbe/IosProbe.csproj]
/Users/runner/.dotnet/packs/Microsoft.iOS.Sdk.net10.0_26.5/26.5.10318/targets/Xamarin.Shared.Sdk.targets(2040,3): error : xcrun: error: unable to find utility "install_name_tool", not a developer tool or in PATH [/Users/runner/work/MusicPlayer/MusicPlayer/spikes/IosProbe/IosProbe.csproj]
  Finished external tool execution #9 in 00:00:06.4849262 and with exit code 72.
  xcrun: error: sh -c '/Applications/Xcode_26.6.0.app/Contents/Developer/usr/bin/xcodebuild -sdk /Applications/Xcode_26.6.0.app/Contents/Developer/Platforms/MacOSX.platform/Developer/SDKs/MacOSX.sdk -find install_name_tool 2> /dev/null' failed with exit code 16384: (null) (errno=Invalid argument)
  xcrun: error: unable to find utility "install_name_tool", not a developer tool or in PATH
  
/Users/runner/.dotnet/packs/Microsoft.iOS.Sdk.net10.0_26.5/26.5.10318/targets/Xamarin.Shared.Sdk.targets(2040,3): error : install_name_tool exited with code 72: [/Users/runner/work/MusicPlayer/MusicPlayer/spikes/IosProbe/IosProbe.csproj]
/Users/runner/.dotnet/packs/Microsoft.iOS.Sdk.net10.0_26.5/26.5.10318/targets/Xamarin.Shared.Sdk.targets(2040,3): error : xcrun: error: sh -c '/Applications/Xcode_26.6.0.app/Contents/Developer/usr/bin/xcodebuild -sdk /Applications/Xcode_26.6.0.app/Contents/Developer/Platforms/MacOSX.platform/Developer/SDKs/MacOSX.sdk -find install_name_tool 2> /dev/null' failed with exit code 16384: (null) (errno=Invalid argument) [/Users/runner/work/MusicPlayer/MusicPlayer/spikes/IosProbe/IosProbe.csproj]
/Users/runner/.dotnet/packs/Microsoft.iOS.Sdk.net10.0_26.5/26.5.10318/targets/Xamarin.Shared.Sdk.targets(2040,3): error : xcrun: error: unable to find utility "install_name_tool", not a developer tool or in PATH [/Users/runner/work/MusicPlayer/MusicPlayer/spikes/IosProbe/IosProbe.csproj]
  Finished external tool execution #11 in 00:00:06.2565260 and with exit code 72.
  xcrun: error: sh -c '/Applications/Xcode_26.6.0.app/Contents/Developer/usr/bin/xcodebuild -sdk /Applications/Xcode_26.6.0.app/Contents/Developer/Platforms/MacOSX.platform/Developer/SDKs/MacOSX.sdk -find install_name_tool 2> /dev/null' failed with exit code 16384: (null) (errno=Invalid argument)
  xcrun: error: unable to find utility "install_name_tool", not a developer tool or in PATH
  
/Users/runner/.dotnet/packs/Microsoft.iOS.Sdk.net10.0_26.5/26.5.10318/targets/Xamarin.Shared.Sdk.targets(2040,3): error : install_name_tool exited with code 72: [/Users/runner/work/MusicPlayer/MusicPlayer/spikes/IosProbe/IosProbe.csproj]
/Users/runner/.dotnet/packs/Microsoft.iOS.Sdk.net10.0_26.5/26.5.10318/targets/Xamarin.Shared.Sdk.targets(2040,3): error : xcrun: error: sh -c '/Applications/Xcode_26.6.0.app/Contents/Developer/usr/bin/xcodebuild -sdk /Applications/Xcode_26.6.0.app/Contents/Developer/Platforms/MacOSX.platform/Developer/SDKs/MacOSX.sdk -find install_name_tool 2> /dev/null' failed with exit code 16384: (null) (errno=Invalid argument) [/Users/runner/work/MusicPlayer/MusicPlayer/spikes/IosProbe/IosProbe.csproj]
/Users/runner/.dotnet/packs/Microsoft.iOS.Sdk.net10.0_26.5/26.5.10318/targets/Xamarin.Shared.Sdk.targets(2040,3): error : xcrun: error: unable to find utility "install_name_tool", not a developer tool or in PATH [/Users/runner/work/MusicPlayer/MusicPlayer/spikes/IosProbe/IosProbe.csproj]
  Finished external tool execution #2 in 00:00:07.8887053 and with exit code 72.
  xcrun: error: sh -c '/Applications/Xcode_26.6.0.app/Contents/Developer/usr/bin/xcodebuild -sdk /Applications/Xcode_26.6.0.app/Contents/Developer/Platforms/MacOSX.platform/Developer/SDKs/MacOSX.sdk -find install_name_tool 2> /dev/null' failed with exit code 16384: (null) (errno=Invalid argument)
  xcrun: error: unable to find utility "install_name_tool", not a developer tool or in PATH
  
/Users/runner/.dotnet/packs/Microsoft.iOS.Sdk.net10.0_26.5/26.5.10318/targets/Xamarin.Shared.Sdk.targets(2040,3): error : install_name_tool exited with code 72: [/Users/runner/work/MusicPlayer/MusicPlayer/spikes/IosProbe/IosProbe.csproj]
/Users/runner/.dotnet/packs/Microsoft.iOS.Sdk.net10.0_26.5/26.5.10318/targets/Xamarin.Shared.Sdk.targets(2040,3): error : xcrun: error: sh -c '/Applications/Xcode_26.6.0.app/Contents/Developer/usr/bin/xcodebuild -sdk /Applications/Xcode_26.6.0.app/Contents/Developer/Platforms/MacOSX.platform/Developer/SDKs/MacOSX.sdk -find install_name_tool 2> /dev/null' failed with exit code 16384: (null) (errno=Invalid argument) [/Users/runner/work/MusicPlayer/MusicPlayer/spikes/IosProbe/IosProbe.csproj]
/Users/runner/.dotnet/packs/Microsoft.iOS.Sdk.net10.0_26.5/26.5.10318/targets/Xamarin.Shared.Sdk.targets(2040,3): error : xcrun: error: unable to find utility "install_name_tool", not a developer tool or in PATH [/Users/runner/work/MusicPlayer/MusicPlayer/spikes/IosProbe/IosProbe.csproj]
  Finished external tool execution #10 in 00:00:06.4116672 and with exit code 72.
  xcrun: error: sh -c '/Applications/Xcode_26.6.0.app/Contents/Developer/usr/bin/xcodebuild -sdk /Applications/Xcode_26.6.0.app/Contents/Developer/Platforms/MacOSX.platform/Developer/SDKs/MacOSX.sdk -find install_name_tool 2> /dev/null' failed with exit code 16384: (null) (errno=Invalid argument)
  xcrun: error: unable to find utility "install_name_tool", not a developer tool or in PATH
  
/Users/runner/.dotnet/packs/Microsoft.iOS.Sdk.net10.0_26.5/26.5.10318/targets/Xamarin.Shared.Sdk.targets(2040,3): error : install_name_tool exited with code 72: [/Users/runner/work/MusicPlayer/MusicPlayer/spikes/IosProbe/IosProbe.csproj]
/Users/runner/.dotnet/packs/Microsoft.iOS.Sdk.net10.0_26.5/26.5.10318/targets/Xamarin.Shared.Sdk.targets(2040,3): error : xcrun: error: sh -c '/Applications/Xcode_26.6.0.app/Contents/Developer/usr/bin/xcodebuild -sdk /Applications/Xcode_26.6.0.app/Contents/Developer/Platforms/MacOSX.platform/Developer/SDKs/MacOSX.sdk -find install_name_tool 2> /dev/null' failed with exit code 16384: (null) (errno=Invalid argument) [/Users/runner/work/MusicPlayer/MusicPlayer/spikes/IosProbe/IosProbe.csproj]
/Users/runner/.dotnet/packs/Microsoft.iOS.Sdk.net10.0_26.5/26.5.10318/targets/Xamarin.Shared.Sdk.targets(2040,3): error : xcrun: error: unable to find utility "install_name_tool", not a developer tool or in PATH [/Users/runner/work/MusicPlayer/MusicPlayer/spikes/IosProbe/IosProbe.csproj]
  Finished external tool execution #3 in 00:00:07.3532300 and with exit code 72.
  xcrun: error: sh -c '/Applications/Xcode_26.6.0.app/Contents/Developer/usr/bin/xcodebuild -sdk /Applications/Xcode_26.6.0.app/Contents/Developer/Platforms/MacOSX.platform/Developer/SDKs/MacOSX.sdk -find install_name_tool 2> /dev/null' failed with exit code 16384: (null) (errno=Invalid argument)
  xcrun: error: unable to find utility "install_name_tool", not a developer tool or in PATH
  
/Users/runner/.dotnet/packs/Microsoft.iOS.Sdk.net10.0_26.5/26.5.10318/targets/Xamarin.Shared.Sdk.targets(2040,3): error : install_name_tool exited with code 72: [/Users/runner/work/MusicPlayer/MusicPlayer/spikes/IosProbe/IosProbe.csproj]
/Users/runner/.dotnet/packs/Microsoft.iOS.Sdk.net10.0_26.5/26.5.10318/targets/Xamarin.Shared.Sdk.targets(2040,3): error : xcrun: error: sh -c '/Applications/Xcode_26.6.0.app/Contents/Developer/usr/bin/xcodebuild -sdk /Applications/Xcode_26.6.0.app/Contents/Developer/Platforms/MacOSX.platform/Developer/SDKs/MacOSX.sdk -find install_name_tool 2> /dev/null' failed with exit code 16384: (null) (errno=Invalid argument) [/Users/runner/work/MusicPlayer/MusicPlayer/spikes/IosProbe/IosProbe.csproj]
/Users/runner/.dotnet/packs/Microsoft.iOS.Sdk.net10.0_26.5/26.5.10318/targets/Xamarin.Shared.Sdk.targets(2040,3): error : xcrun: error: unable to find utility "install_name_tool", not a developer tool or in PATH [/Users/runner/work/MusicPlayer/MusicPlayer/spikes/IosProbe/IosProbe.csproj]
  Finished external tool execution #6 in 00:00:07.0045282 and with exit code 72.
  xcrun: error: sh -c '/Applications/Xcode_26.6.0.app/Contents/Developer/usr/bin/xcodebuild -sdk /Applications/Xcode_26.6.0.app/Contents/Developer/Platforms/MacOSX.platform/Developer/SDKs/MacOSX.sdk -find install_name_tool 2> /dev/null' failed with exit code 16384: (null) (errno=Invalid argument)
  xcrun: error: unable to find utility "install_name_tool", not a developer tool or in PATH
  
/Users/runner/.dotnet/packs/Microsoft.iOS.Sdk.net10.0_26.5/26.5.10318/targets/Xamarin.Shared.Sdk.targets(2040,3): error : install_name_tool exited with code 72: [/Users/runner/work/MusicPlayer/MusicPlayer/spikes/IosProbe/IosProbe.csproj]
/Users/runner/.dotnet/packs/Microsoft.iOS.Sdk.net10.0_26.5/26.5.10318/targets/Xamarin.Shared.Sdk.targets(2040,3): error : xcrun: error: sh -c '/Applications/Xcode_26.6.0.app/Contents/Developer/usr/bin/xcodebuild -sdk /Applications/Xcode_26.6.0.app/Contents/Developer/Platforms/MacOSX.platform/Developer/SDKs/MacOSX.sdk -find install_name_tool 2> /dev/null' failed with exit code 16384: (null) (errno=Invalid argument) [/Users/runner/work/MusicPlayer/MusicPlayer/spikes/IosProbe/IosProbe.csproj]
/Users/runner/.dotnet/packs/Microsoft.iOS.Sdk.net10.0_26.5/26.5.10318/targets/Xamarin.Shared.Sdk.targets(2040,3): error : xcrun: error: unable to find utility "install_name_tool", not a developer tool or in PATH [/Users/runner/work/MusicPlayer/MusicPlayer/spikes/IosProbe/IosProbe.csproj]
  Finished external tool execution #7 in 00:00:06.9110955 and with exit code 72.
  xcrun: error: sh -c '/Applications/Xcode_26.6.0.app/Contents/Developer/usr/bin/xcodebuild -sdk /Applications/Xcode_26.6.0.app/Contents/Developer/Platforms/MacOSX.platform/Developer/SDKs/MacOSX.sdk -find install_name_tool 2> /dev/null' failed with exit code 16384: (null) (errno=Invalid argument)
  xcrun: error: unable to find utility "install_name_tool", not a developer tool or in PATH
  
/Users/runner/.dotnet/packs/Microsoft.iOS.Sdk.net10.0_26.5/26.5.10318/targets/Xamarin.Shared.Sdk.targets(2040,3): error : install_name_tool exited with code 72: [/Users/runner/work/MusicPlayer/MusicPlayer/spikes/IosProbe/IosProbe.csproj]
/Users/runner/.dotnet/packs/Microsoft.iOS.Sdk.net10.0_26.5/26.5.10318/targets/Xamarin.Shared.Sdk.targets(2040,3): error : xcrun: error: sh -c '/Applications/Xcode_26.6.0.app/Contents/Developer/usr/bin/xcodebuild -sdk /Applications/Xcode_26.6.0.app/Contents/Developer/Platforms/MacOSX.platform/Developer/SDKs/MacOSX.sdk -find install_name_tool 2> /dev/null' failed with exit code 16384: (null) (errno=Invalid argument) [/Users/runner/work/MusicPlayer/MusicPlayer/spikes/IosProbe/IosProbe.csproj]
/Users/runner/.dotnet/packs/Microsoft.iOS.Sdk.net10.0_26.5/26.5.10318/targets/Xamarin.Shared.Sdk.targets(2040,3): error : xcrun: error: unable to find utility "install_name_tool", not a developer tool or in PATH [/Users/runner/work/MusicPlayer/MusicPlayer/spikes/IosProbe/IosProbe.csproj]
  Finished external tool execution #8 in 00:00:06.7952623 and with exit code 72.
  xcrun: error: sh -c '/Applications/Xcode_26.6.0.app/Contents/Developer/usr/bin/xcodebuild -sdk /Applications/Xcode_26.6.0.app/Contents/Developer/Platforms/MacOSX.platform/Developer/SDKs/MacOSX.sdk -find install_name_tool 2> /dev/null' failed with exit code 16384: (null) (errno=Invalid argument)
  xcrun: error: unable to find utility "install_name_tool", not a developer tool or in PATH
  
/Users/runner/.dotnet/packs/Microsoft.iOS.Sdk.net10.0_26.5/26.5.10318/targets/Xamarin.Shared.Sdk.targets(2040,3): error : install_name_tool exited with code 72: [/Users/runner/work/MusicPlayer/MusicPlayer/spikes/IosProbe/IosProbe.csproj]
/Users/runner/.dotnet/packs/Microsoft.iOS.Sdk.net10.0_26.5/26.5.10318/targets/Xamarin.Shared.Sdk.targets(2040,3): error : xcrun: error: sh -c '/Applications/Xcode_26.6.0.app/Contents/Developer/usr/bin/xcodebuild -sdk /Applications/Xcode_26.6.0.app/Contents/Developer/Platforms/MacOSX.platform/Developer/SDKs/MacOSX.sdk -find install_name_tool 2> /dev/null' failed with exit code 16384: (null) (errno=Invalid argument) [/Users/runner/work/MusicPlayer/MusicPlayer/spikes/IosProbe/IosProbe.csproj]
/Users/runner/.dotnet/packs/Microsoft.iOS.Sdk.net10.0_26.5/26.5.10318/targets/Xamarin.Shared.Sdk.targets(2040,3): error : xcrun: error: unable to find utility "install_name_tool", not a developer tool or in PATH [/Users/runner/work/MusicPlayer/MusicPlayer/spikes/IosProbe/IosProbe.csproj]

Build FAILED.

Resources/Raw/sample-24bit96k.flac : warning MT7158: The BundleResource item 'Resources/Raw/sample-24bit96k.flac' has been included more than once, with different 'LogicalName' metadata: sample-24bit96k.flac, Raw/sample-24bit96k.flac. [/Users/runner/work/MusicPlayer/MusicPlayer/spikes/IosProbe/IosProbe.csproj]
/Users/runner/work/MusicPlayer/MusicPlayer/spikes/IosProbe/AppDelegate.cs(11,26): warning CS8765: Nullability of type of parameter 'launchOptions' doesn't match overridden member (possibly because of nullability attributes). [/Users/runner/work/MusicPlayer/MusicPlayer/spikes/IosProbe/IosProbe.csproj]
/Users/runner/work/MusicPlayer/MusicPlayer/spikes/IosProbe/AppDelegate.cs(13,18): warning CA1422: This call site is reachable on: 'iOS' 15.0 and later, 'maccatalyst' 15.0 and later. 'UIWindow' is obsoleted on: 'ios' 26.0 and later (Use the 'UIWindowScene' overload instead.), 'maccatalyst' 26.0 and later (Use the 'UIWindowScene' overload instead.). (https://learn.microsoft.com/dotnet/fundamentals/code-analysis/quality-rules/ca1422) [/Users/runner/work/MusicPlayer/MusicPlayer/spikes/IosProbe/IosProbe.csproj]
/Users/runner/.nuget/packages/taglibsharp/2.3.0/lib/netstandard2.0/TagLibSharp.dll : warning IL2104: Assembly 'TagLibSharp' produced trim warnings. For more information see https://aka.ms/il2104 [/Users/runner/work/MusicPlayer/MusicPlayer/spikes/IosProbe/IosProbe.csproj]
/Users/runner/.dotnet/packs/Microsoft.iOS.Sdk.net10.0_26.5/26.5.10318/targets/Xamarin.Shared.Sdk.targets(2040,3): error : install_name_tool exited with code 72: [/Users/runner/work/MusicPlayer/MusicPlayer/spikes/IosProbe/IosProbe.csproj]
/Users/runner/.dotnet/packs/Microsoft.iOS.Sdk.net10.0_26.5/26.5.10318/targets/Xamarin.Shared.Sdk.targets(2040,3): error : xcrun: error: sh -c '/Applications/Xcode_26.6.0.app/Contents/Developer/usr/bin/xcodebuild -sdk /Applications/Xcode_26.6.0.app/Contents/Developer/Platforms/MacOSX.platform/Developer/SDKs/MacOSX.sdk -find install_name_tool 2> /dev/null' failed with exit code 16384: (null) (errno=Invalid argument) [/Users/runner/work/MusicPlayer/MusicPlayer/spikes/IosProbe/IosProbe.csproj]
/Users/runner/.dotnet/packs/Microsoft.iOS.Sdk.net10.0_26.5/26.5.10318/targets/Xamarin.Shared.Sdk.targets(2040,3): error : xcrun: error: unable to find utility "install_name_tool", not a developer tool or in PATH [/Users/runner/work/MusicPlayer/MusicPlayer/spikes/IosProbe/IosProbe.csproj]
/Users/runner/.dotnet/packs/Microsoft.iOS.Sdk.net10.0_26.5/26.5.10318/targets/Xamarin.Shared.Sdk.targets(2040,3): error : install_name_tool exited with code 72: [/Users/runner/work/MusicPlayer/MusicPlayer/spikes/IosProbe/IosProbe.csproj]
/Users/runner/.dotnet/packs/Microsoft.iOS.Sdk.net10.0_26.5/26.5.10318/targets/Xamarin.Shared.Sdk.targets(2040,3): error : xcrun: error: sh -c '/Applications/Xcode_26.6.0.app/Contents/Developer/usr/bin/xcodebuild -sdk /Applications/Xcode_26.6.0.app/Contents/Developer/Platforms/MacOSX.platform/Developer/SDKs/MacOSX.sdk -find install_name_tool 2> /dev/null' failed with exit code 16384: (null) (errno=Invalid argument) [/Users/runner/work/MusicPlayer/MusicPlayer/spikes/IosProbe/IosProbe.csproj]
/Users/runner/.dotnet/packs/Microsoft.iOS.Sdk.net10.0_26.5/26.5.10318/targets/Xamarin.Shared.Sdk.targets(2040,3): error : xcrun: error: unable to find utility "install_name_tool", not a developer tool or in PATH [/Users/runner/work/MusicPlayer/MusicPlayer/spikes/IosProbe/IosProbe.csproj]
/Users/runner/.dotnet/packs/Microsoft.iOS.Sdk.net10.0_26.5/26.5.10318/targets/Xamarin.Shared.Sdk.targets(2040,3): error : install_name_tool exited with code 72: [/Users/runner/work/MusicPlayer/MusicPlayer/spikes/IosProbe/IosProbe.csproj]
/Users/runner/.dotnet/packs/Microsoft.iOS.Sdk.net10.0_26.5/26.5.10318/targets/Xamarin.Shared.Sdk.targets(2040,3): error : xcrun: error: sh -c '/Applications/Xcode_26.6.0.app/Contents/Developer/usr/bin/xcodebuild -sdk /Applications/Xcode_26.6.0.app/Contents/Developer/Platforms/MacOSX.platform/Developer/SDKs/MacOSX.sdk -find install_name_tool 2> /dev/null' failed with exit code 16384: (null) (errno=Invalid argument) [/Users/runner/work/MusicPlayer/MusicPlayer/spikes/IosProbe/IosProbe.csproj]
/Users/runner/.dotnet/packs/Microsoft.iOS.Sdk.net10.0_26.5/26.5.10318/targets/Xamarin.Shared.Sdk.targets(2040,3): error : xcrun: error: unable to find utility "install_name_tool", not a developer tool or in PATH [/Users/runner/work/MusicPlayer/MusicPlayer/spikes/IosProbe/IosProbe.csproj]
/Users/runner/.dotnet/packs/Microsoft.iOS.Sdk.net10.0_26.5/26.5.10318/targets/Xamarin.Shared.Sdk.targets(2040,3): error : install_name_tool exited with code 72: [/Users/runner/work/MusicPlayer/MusicPlayer/spikes/IosProbe/IosProbe.csproj]
/Users/runner/.dotnet/packs/Microsoft.iOS.Sdk.net10.0_26.5/26.5.10318/targets/Xamarin.Shared.Sdk.targets(2040,3): error : xcrun: error: sh -c '/Applications/Xcode_26.6.0.app/Contents/Developer/usr/bin/xcodebuild -sdk /Applications/Xcode_26.6.0.app/Contents/Developer/Platforms/MacOSX.platform/Developer/SDKs/MacOSX.sdk -find install_name_tool 2> /dev/null' failed with exit code 16384: (null) (errno=Invalid argument) [/Users/runner/work/MusicPlayer/MusicPlayer/spikes/IosProbe/IosProbe.csproj]
/Users/runner/.dotnet/packs/Microsoft.iOS.Sdk.net10.0_26.5/26.5.10318/targets/Xamarin.Shared.Sdk.targets(2040,3): error : xcrun: error: unable to find utility "install_name_tool", not a developer tool or in PATH [/Users/runner/work/MusicPlayer/MusicPlayer/spikes/IosProbe/IosProbe.csproj]
/Users/runner/.dotnet/packs/Microsoft.iOS.Sdk.net10.0_26.5/26.5.10318/targets/Xamarin.Shared.Sdk.targets(2040,3): error : install_name_tool exited with code 72: [/Users/runner/work/MusicPlayer/MusicPlayer/spikes/IosProbe/IosProbe.csproj]
/Users/runner/.dotnet/packs/Microsoft.iOS.Sdk.net10.0_26.5/26.5.10318/targets/Xamarin.Shared.Sdk.targets(2040,3): error : xcrun: error: sh -c '/Applications/Xcode_26.6.0.app/Contents/Developer/usr/bin/xcodebuild -sdk /Applications/Xcode_26.6.0.app/Contents/Developer/Platforms/MacOSX.platform/Developer/SDKs/MacOSX.sdk -find install_name_tool 2> /dev/null' failed with exit code 16384: (null) (errno=Invalid argument) [/Users/runner/work/MusicPlayer/MusicPlayer/spikes/IosProbe/IosProbe.csproj]
/Users/runner/.dotnet/packs/Microsoft.iOS.Sdk.net10.0_26.5/26.5.10318/targets/Xamarin.Shared.Sdk.targets(2040,3): error : xcrun: error: unable to find utility "install_name_tool", not a developer tool or in PATH [/Users/runner/work/MusicPlayer/MusicPlayer/spikes/IosProbe/IosProbe.csproj]
/Users/runner/.dotnet/packs/Microsoft.iOS.Sdk.net10.0_26.5/26.5.10318/targets/Xamarin.Shared.Sdk.targets(2040,3): error : install_name_tool exited with code 72: [/Users/runner/work/MusicPlayer/MusicPlayer/spikes/IosProbe/IosProbe.csproj]
/Users/runner/.dotnet/packs/Microsoft.iOS.Sdk.net10.0_26.5/26.5.10318/targets/Xamarin.Shared.Sdk.targets(2040,3): error : xcrun: error: sh -c '/Applications/Xcode_26.6.0.app/Contents/Developer/usr/bin/xcodebuild -sdk /Applications/Xcode_26.6.0.app/Contents/Developer/Platforms/MacOSX.platform/Developer/SDKs/MacOSX.sdk -find install_name_tool 2> /dev/null' failed with exit code 16384: (null) (errno=Invalid argument) [/Users/runner/work/MusicPlayer/MusicPlayer/spikes/IosProbe/IosProbe.csproj]
/Users/runner/.dotnet/packs/Microsoft.iOS.Sdk.net10.0_26.5/26.5.10318/targets/Xamarin.Shared.Sdk.targets(2040,3): error : xcrun: error: unable to find utility "install_name_tool", not a developer tool or in PATH [/Users/runner/work/MusicPlayer/MusicPlayer/spikes/IosProbe/IosProbe.csproj]
/Users/runner/.dotnet/packs/Microsoft.iOS.Sdk.net10.0_26.5/26.5.10318/targets/Xamarin.Shared.Sdk.targets(2040,3): error : install_name_tool exited with code 72: [/Users/runner/work/MusicPlayer/MusicPlayer/spikes/IosProbe/IosProbe.csproj]
/Users/runner/.dotnet/packs/Microsoft.iOS.Sdk.net10.0_26.5/26.5.10318/targets/Xamarin.Shared.Sdk.targets(2040,3): error : xcrun: error: sh -c '/Applications/Xcode_26.6.0.app/Contents/Developer/usr/bin/xcodebuild -sdk /Applications/Xcode_26.6.0.app/Contents/Developer/Platforms/MacOSX.platform/Developer/SDKs/MacOSX.sdk -find install_name_tool 2> /dev/null' failed with exit code 16384: (null) (errno=Invalid argument) [/Users/runner/work/MusicPlayer/MusicPlayer/spikes/IosProbe/IosProbe.csproj]
/Users/runner/.dotnet/packs/Microsoft.iOS.Sdk.net10.0_26.5/26.5.10318/targets/Xamarin.Shared.Sdk.targets(2040,3): error : xcrun: error: unable to find utility "install_name_tool", not a developer tool or in PATH [/Users/runner/work/MusicPlayer/MusicPlayer/spikes/IosProbe/IosProbe.csproj]
/Users/runner/.dotnet/packs/Microsoft.iOS.Sdk.net10.0_26.5/26.5.10318/targets/Xamarin.Shared.Sdk.targets(2040,3): error : install_name_tool exited with code 72: [/Users/runner/work/MusicPlayer/MusicPlayer/spikes/IosProbe/IosProbe.csproj]
/Users/runner/.dotnet/packs/Microsoft.iOS.Sdk.net10.0_26.5/26.5.10318/targets/Xamarin.Shared.Sdk.targets(2040,3): error : xcrun: error: sh -c '/Applications/Xcode_26.6.0.app/Contents/Developer/usr/bin/xcodebuild -sdk /Applications/Xcode_26.6.0.app/Contents/Developer/Platforms/MacOSX.platform/Developer/SDKs/MacOSX.sdk -find install_name_tool 2> /dev/null' failed with exit code 16384: (null) (errno=Invalid argument) [/Users/runner/work/MusicPlayer/MusicPlayer/spikes/IosProbe/IosProbe.csproj]
/Users/runner/.dotnet/packs/Microsoft.iOS.Sdk.net10.0_26.5/26.5.10318/targets/Xamarin.Shared.Sdk.targets(2040,3): error : xcrun: error: unable to find utility "install_name_tool", not a developer tool or in PATH [/Users/runner/work/MusicPlayer/MusicPlayer/spikes/IosProbe/IosProbe.csproj]
/Users/runner/.dotnet/packs/Microsoft.iOS.Sdk.net10.0_26.5/26.5.10318/targets/Xamarin.Shared.Sdk.targets(2040,3): error : install_name_tool exited with code 72: [/Users/runner/work/MusicPlayer/MusicPlayer/spikes/IosProbe/IosProbe.csproj]
/Users/runner/.dotnet/packs/Microsoft.iOS.Sdk.net10.0_26.5/26.5.10318/targets/Xamarin.Shared.Sdk.targets(2040,3): error : xcrun: error: sh -c '/Applications/Xcode_26.6.0.app/Contents/Developer/usr/bin/xcodebuild -sdk /Applications/Xcode_26.6.0.app/Contents/Developer/Platforms/MacOSX.platform/Developer/SDKs/MacOSX.sdk -find install_name_tool 2> /dev/null' failed with exit code 16384: (null) (errno=Invalid argument) [/Users/runner/work/MusicPlayer/MusicPlayer/spikes/IosProbe/IosProbe.csproj]
/Users/runner/.dotnet/packs/Microsoft.iOS.Sdk.net10.0_26.5/26.5.10318/targets/Xamarin.Shared.Sdk.targets(2040,3): error : xcrun: error: unable to find utility "install_name_tool", not a developer tool or in PATH [/Users/runner/work/MusicPlayer/MusicPlayer/spikes/IosProbe/IosProbe.csproj]
/Users/runner/.dotnet/packs/Microsoft.iOS.Sdk.net10.0_26.5/26.5.10318/targets/Xamarin.Shared.Sdk.targets(2040,3): error : install_name_tool exited with code 72: [/Users/runner/work/MusicPlayer/MusicPlayer/spikes/IosProbe/IosProbe.csproj]
/Users/runner/.dotnet/packs/Microsoft.iOS.Sdk.net10.0_26.5/26.5.10318/targets/Xamarin.Shared.Sdk.targets(2040,3): error : xcrun: error: sh -c '/Applications/Xcode_26.6.0.app/Contents/Developer/usr/bin/xcodebuild -sdk /Applications/Xcode_26.6.0.app/Contents/Developer/Platforms/MacOSX.platform/Developer/SDKs/MacOSX.sdk -find install_name_tool 2> /dev/null' failed with exit code 16384: (null) (errno=Invalid argument) [/Users/runner/work/MusicPlayer/MusicPlayer/spikes/IosProbe/IosProbe.csproj]
/Users/runner/.dotnet/packs/Microsoft.iOS.Sdk.net10.0_26.5/26.5.10318/targets/Xamarin.Shared.Sdk.targets(2040,3): error : xcrun: error: unable to find utility "install_name_tool", not a developer tool or in PATH [/Users/runner/work/MusicPlayer/MusicPlayer/spikes/IosProbe/IosProbe.csproj]
/Users/runner/.dotnet/packs/Microsoft.iOS.Sdk.net10.0_26.5/26.5.10318/targets/Xamarin.Shared.Sdk.targets(2040,3): error : install_name_tool exited with code 72: [/Users/runner/work/MusicPlayer/MusicPlayer/spikes/IosProbe/IosProbe.csproj]
/Users/runner/.dotnet/packs/Microsoft.iOS.Sdk.net10.0_26.5/26.5.10318/targets/Xamarin.Shared.Sdk.targets(2040,3): error : xcrun: error: sh -c '/Applications/Xcode_26.6.0.app/Contents/Developer/usr/bin/xcodebuild -sdk /Applications/Xcode_26.6.0.app/Contents/Developer/Platforms/MacOSX.platform/Developer/SDKs/MacOSX.sdk -find install_name_tool 2> /dev/null' failed with exit code 16384: (null) (errno=Invalid argument) [/Users/runner/work/MusicPlayer/MusicPlayer/spikes/IosProbe/IosProbe.csproj]
/Users/runner/.dotnet/packs/Microsoft.iOS.Sdk.net10.0_26.5/26.5.10318/targets/Xamarin.Shared.Sdk.targets(2040,3): error : xcrun: error: unable to find utility "install_name_tool", not a developer tool or in PATH [/Users/runner/work/MusicPlayer/MusicPlayer/spikes/IosProbe/IosProbe.csproj]
    4 Warning(s)
    11 Error(s)

Time Elapsed 00:00:43.15
